---
layout:     post   				    # 使用的布局（不需要改）
title:      linux环境下扩容根目录				# 标题 
subtitle:     #副标题
date:       2022-03-16 				# 时间
author:     Derrick 				# 作者
header-img: img/post-bg-extend.jpg 	#这篇文章标题背景图片
catalog: true 						# 是否归档
tags:								#标签
    - linux
---



## linux环境下扩容根目录
<br/><br/>
**查看根目录使用情况**
```
[root@Centos7 ~]# df -h
文件系统                 容量  已用  可用 已用% 挂载点
/dev/mapper/centos-root   17G   14G  3.9G   78% /
devtmpfs                 1.9G     0  1.9G    0% /dev
tmpfs                    1.9G     0  1.9G    0% /dev/shm
tmpfs                    1.9G   12M  1.9G    1% /run
tmpfs                    1.9G     0  1.9G    0% /sys/fs/cgroup
/dev/sda1               1014M  146M  869M   15% /boot
tmpfs                    378M     0  378M    0% /run/user/0
/dev/sdb1                 20G  2.4G   18G   12% /home/oracle/database
```
<<<<<<< HEAD
<br/><br/>
=======
<br/><br/><br/>
>>>>>>> bd9c4fd (modify)
### **添加分区**
```
[root@Centos7 ~]# fdisk /dev/sda
欢迎使用 fdisk (util-linux 2.23.2)。

更改将停留在内存中，直到您决定将更改写入磁盘。
使用写入命令前请三思。


命令(输入 m 获取帮助)：n
Partition type:
   p   primary (2 primary, 0 extended, 2 free)
   e   extended
Select (default p): 
Using default response p
分区号 (3,4，默认 3)：
起始 扇区 (41943040-62914559，默认为 41943040)：
将使用默认值 41943040
Last 扇区, +扇区 or +size{K,M,G} (41943040-62914559，默认为 62914559)：
将使用默认值 62914559
分区 3 已设置为 Linux 类型，大小设为 10 GiB

命令(输入 m 获取帮助)：p

磁盘 /dev/sda：32.2 GB, 32212254720 字节，62914560 个扇区
Units = 扇区 of 1 * 512 = 512 bytes
扇区大小(逻辑/物理)：512 字节 / 512 字节
I/O 大小(最小/最佳)：512 字节 / 512 字节
磁盘标签类型：dos
磁盘标识符：0x000c2e18

   设备 Boot      Start         End      Blocks   Id  System
/dev/sda1   *        2048     2099199     1048576   83  Linux
/dev/sda2         2099200    41943039    19921920   8e  Linux LVM
/dev/sda3        41943040    62914559    10485760   83  Linux

命令(输入 m 获取帮助)：w
The partition table has been altered!

Calling ioctl() to re-read partition table.

WARNING: Re-reading the partition table failed with error 16: 设备或资源忙.
The kernel still uses the old table. The new table will be used at
the next reboot or after you run partprobe(8) or kpartx(8)
正在同步磁盘。
```



**刷新分区信息**
<<<<<<< HEAD
```
[root@Centos7 ~]# partprobe 
```
<br/><br/>
=======



[root@Centos7 ~]# partprobe 
<br/><br/><br/>
>>>>>>> bd9c4fd (modify)
### **查看并修改新建的分区ID**
```
[root@Centos7 ~]# fdisk -l

磁盘 /dev/sda：32.2 GB, 32212254720 字节，62914560 个扇区
Units = 扇区 of 1 * 512 = 512 bytes
扇区大小(逻辑/物理)：512 字节 / 512 字节
I/O 大小(最小/最佳)：512 字节 / 512 字节
磁盘标签类型：dos
磁盘标识符：0x000c2e18

   设备 Boot      Start         End      Blocks   Id  System
/dev/sda1   *        2048     2099199     1048576   83  Linux
/dev/sda2         2099200    41943039    19921920   8e  Linux LVM
/dev/sda3        41943040    62914559    10485760   83  Linux
```
```

[root@Centos7 ~]# fdisk /dev/sda
命令(输入 m 获取帮助)：m
命令操作
   a   toggle a bootable flag
   b   edit bsd disklabel
   c   toggle the dos compatibility flag
   d   delete a partition
   g   create a new empty GPT partition table
   G   create an IRIX (SGI) partition table
   l   list known partition types
   m   print this menu
   n   add a new partition
   o   create a new empty DOS partition table
   p   print the partition table
   q   quit without saving changes
   s   create a new empty Sun disklabel
   t   change a partition's system id
   u   change display/entry units
   v   verify the partition table
   w   write table to disk and exit
   x   extra functionality (experts only)

命令(输入 m 获取帮助)：t
分区号 (1-3，默认 3)：
Hex 代码(输入 L 列出所有代码)：8e
已将分区“Linux”的类型更改为“Linux LVM”

命令(输入 m 获取帮助)：w
The partition table has been altered!

Calling ioctl() to re-read partition table.

WARNING: Re-reading the partition table failed with error 16: 设备或资源忙.
The kernel still uses the old table. The new table will be used at
the next reboot or after you run partprobe(8) or kpartx(8)
正在同步磁盘。
```



**再次刷新分区信息**
<<<<<<< HEAD
```
[root@Centos7 ~]# partprobe 
```
<br/><br/>
=======



[root@Centos7 ~]# partprobe 
<br/><br/><br/>
>>>>>>> bd9c4fd (modify)
### **查看变更完成之后的ID**
```
[root@Centos7 ~]# fdisk -l

磁盘 /dev/sda：32.2 GB, 32212254720 字节，62914560 个扇区
Units = 扇区 of 1 * 512 = 512 bytes
扇区大小(逻辑/物理)：512 字节 / 512 字节
I/O 大小(最小/最佳)：512 字节 / 512 字节
磁盘标签类型：dos
磁盘标识符：0x000c2e18

   设备 Boot      Start         End      Blocks   Id  System
/dev/sda1   *        2048     2099199     1048576   83  Linux
/dev/sda2         2099200    41943039    19921920   8e  Linux LVM
/dev/sda3        41943040    62914559    10485760   8e  Linux LVM
```
<<<<<<< HEAD
<br/><br/>
=======
<br/><br/><br/>
>>>>>>> bd9c4fd (modify)
### **格式化分区**
```
[root@Centos7 ~]# mkfs.ext4 /dev/sda3
mke2fs 1.42.9 (28-Dec-2013)
文件系统标签=
OS type: Linux
块大小=4096 (log=2)
分块大小=4096 (log=2)
Stride=0 blocks, Stripe width=0 blocks
655360 inodes, 2621440 blocks
131072 blocks (5.00%) reserved for the super user
第一个数据块=0
Maximum filesystem blocks=2151677952
80 block groups
32768 blocks per group, 32768 fragments per group
8192 inodes per group
Superblock backups stored on blocks: 
        32768, 98304, 163840, 229376, 294912, 819200, 884736, 1605632

Allocating group tables: 完成                            
正在写入inode表: 完成                            
Creating journal (32768 blocks): 完成
Writing superblocks and filesystem accounting information: 完成 
```
<<<<<<< HEAD
<br/><br/>
=======
<br/><br/><br/>
>>>>>>> bd9c4fd (modify)
### **格式化后，创建PV(物理卷)**
```
[root@Centos7 ~]# pvcreate /dev/sda3
WARNING: ext4 signature detected on /dev/sda3 at offset 1080. Wipe it? [y/n]: y
  Wiping ext4 signature on /dev/sda3.
  Physical volume "/dev/sda3" successfully created.
```
<<<<<<< HEAD
<br/><br/>
=======
<br/><br/><br/>
>>>>>>> bd9c4fd (modify)
### **扩展VG,把物理卷添加到VG里面**
```
[root@Centos7 ~]# vgextend centos /dev/sda3
  Volume group "centos" successfully extended
```
<<<<<<< HEAD
<br/><br/>
=======
<br/><br/><br/>
>>>>>>> bd9c4fd (modify)
### **把VG中多余的空间添加到/dev/mapper/centos-root中**
```
[root@Centos7 ~]# lvextend -L +9G /dev/mapper/centos-root /dev/sda3
  Size of logical volume centos/root changed from <17.00 GiB (4351 extents) to <26.00 GiB (6655 extents).
  Logical volume centos/root successfully resized.
```
<<<<<<< HEAD
<br/><br/>
=======
<br/><br/><br/>
>>>>>>> bd9c4fd (modify)
### **xfs_growfs 同步文件系统**
```
[root@Centos7 ~]# xfs_growfs  /dev/mapper/centos-root
meta-data=/dev/mapper/centos-root isize=512    agcount=4, agsize=1113856 blks
         =                       sectsz=512   attr=2, projid32bit=1
         =                       crc=1        finobt=0 spinodes=0
data     =                       bsize=4096   blocks=4455424, imaxpct=25
         =                       sunit=0      swidth=0 blks
naming   =version 2              bsize=4096   ascii-ci=0 ftype=1
log      =internal               bsize=4096   blocks=2560, version=2
         =                       sectsz=512   sunit=0 blks, lazy-count=1
realtime =none                   extsz=4096   blocks=0, rtextents=0
data blocks changed from 4455424 to 6814720
```
<<<<<<< HEAD
<br/><br/>
=======
<br/><br/><br/>
>>>>>>> bd9c4fd (modify)
### **再次查看文件系统**
```
[root@Centos7 ~]# df -h
文件系统                 容量  已用  可用 已用% 挂载点
/dev/mapper/centos-root   26G   14G   13G   51% /
devtmpfs                 1.9G     0  1.9G    0% /dev
tmpfs                    1.9G     0  1.9G    0% /dev/shm
tmpfs                    1.9G   12M  1.9G    1% /run
tmpfs                    1.9G     0  1.9G    0% /sys/fs/cgroup
/dev/sda1               1014M  146M  869M   15% /boot
tmpfs                    378M     0  378M    0% /run/user/0
/dev/sdb1                 20G  2.4G   18G   12% /home/oracle/database
```